// Jest Snapshot v1, https://goo.gl/fbAQLP

exports[`Card should render properly 1`] = `
<div>
  <div
    class="stargate-ui-factory-0-2-4 stargate-ui-factory-d0-0-2-6 stargate-ui-card-0-2-1 stargate-ui-card-d0-0-2-3"
  >
    Click
  </div>
</div>
`;
