// Jest Snapshot v1, https://goo.gl/fbAQLP

exports[`InputHelper should render properly 1`] = `
<div>
  <small
    class="stargate-factory-0-2-4 stargate-factory-d0-0-2-5 stargate-typography-0-2-2 stargate-typography-d0-0-2-3"
  >
    Lorem ipsum dolor siet amiet.
  </small>
</div>
`;
