// Jest Snapshot v1, https://goo.gl/fbAQLP

exports[`Input should render properly 1`] = `
<div>
  <div
    class="stargate-ui-factory-0-2-7 stargate-ui-factory-d0-0-2-9"
  >
    <label
      class="stargate-ui-factory-0-2-19 stargate-ui-factory-d0-0-2-21 stargate-ui-typography-0-2-12 stargate-ui-typography-d0-0-2-16 stargate-ui-label-0-2-11 stargate-ui-typographyFluid-0-2-15 stargate-ui-typographyFluid-d2-0-2-18"
    >
      Lorem ipsum dolor
    </label>
    <div
      class="stargate-ui-factory-0-2-23 stargate-ui-factory-d0-0-2-25 stargate-ui-inputGroup-0-2-1 stargate-ui-inputGroup-d0-0-2-5"
    >
      <input
        class="stargate-ui-factory-0-2-27 stargate-ui-factory-d0-0-2-29 stargate-ui-inputElement-0-2-4 stargate-ui-inputElement-d1-0-2-6"
        name="inputName"
        type="text"
        value=""
      />
    </div>
  </div>
</div>
`;
