// Jest Snapshot v1, https://goo.gl/fbAQLP

exports[`Button should render properly 1`] = `
<div>
  <button
    class="stargate-factory-0-2-9 stargate-factory-d0-0-2-10 stargate-button-0-2-1 stargate-button-d0-0-2-5 stargate-buttonText-0-2-2 stargate-buttonText-d1-0-2-6"
  >
    <span
      class="stargate-factory-0-2-13 stargate-factory-d0-0-2-14 stargate-typography-0-2-11 stargate-typography-d0-0-2-12"
    >
      Click here
    </span>
  </button>
</div>
`;
