// Jest Snapshot v1, https://goo.gl/fbAQLP

exports[`Typography should render properly 1`] = `
<div>
  <p
    class="stargate-ui-factory-0-2-8 stargate-ui-factory-d0-0-2-10 stargate-ui-typography-0-2-1 stargate-ui-typography-d0-0-2-5 stargate-ui-typographyFluid-0-2-4 stargate-ui-typographyFluid-d2-0-2-7"
  >
    Lorem, ipsum dolor sit amet consectetur adipisicing elit. Minima reiciendis id nemo dicta! Soluta voluptate cupiditate corrupti architecto rerum nisi excepturi sunt quaerat iste quibusdam, non nam possimus ut eveniet.
  </p>
</div>
`;
