// Jest Snapshot v1, https://goo.gl/fbAQLP

exports[`Accordion should render properly 1`] = `
<div>
  <div
    class="stargate-ui-factory-0-2-4 stargate-ui-factory-d0-0-2-6 stargate-ui-accordionVariantDefault-0-2-1"
  >
    <button
      class="stargate-ui-factory-0-2-13 stargate-ui-factory-d0-0-2-15 stargate-ui-summary-0-2-8 stargate-ui-summaryVariantDefault-0-2-11"
      type="button"
    >
      <div
        class="stargate-ui-factory-0-2-35 stargate-ui-factory-d0-0-2-37 stargate-ui-gridRow-0-2-17 stargate-ui-gridRow-d0-0-2-26 stargate-ui-gridRowGutter-0-2-19 stargate-ui-gridRowGutter-d2-0-2-28"
      >
        <div
          class="stargate-ui-factory-0-2-57 stargate-ui-factory-d0-0-2-59 stargate-ui-gridCol-0-2-40 stargate-ui-gridCol-d1-0-2-49 stargate-ui-gridColSize-xs-0-2-42 stargate-ui-gridColSize-xs-d3-0-2-51"
        >
          <p
            class="stargate-ui-factory-0-2-68 stargate-ui-factory-d0-0-2-70 stargate-ui-typography-0-2-61 stargate-ui-typography-d0-0-2-65 stargate-ui-typographyFluid-0-2-64 stargate-ui-typographyFluid-d2-0-2-67"
          >
            Accordion Summary
          </p>
        </div>
        <div
          class="stargate-ui-factory-0-2-90 stargate-ui-factory-d0-0-2-92 stargate-ui-gridCol-0-2-73 stargate-ui-gridCol-d1-0-2-82 stargate-ui-gridColSize-xs-0-2-75 stargate-ui-gridColSize-xs-d3-0-2-84"
        >
          <span
            aria-hidden="true"
            class="stargate-ui-factory-0-2-97 stargate-ui-factory-d0-0-2-99 stargate-ui-svg-0-2-96 stargate-ui-svgIcon-0-2-94 stargate-ui-svgIcon-d0-0-2-95 stargate-ui-summaryIcon-0-2-9"
          >
            <svg
              class="stargate-ui-factory-0-2-101 stargate-ui-factory-d0-0-2-103"
              viewBox="0,0,24,24"
            >
              <path
                d="M12 18.35A4.19 4.19 0 019.09 17L.34 7.83a1.24 1.24 0 111.8-1.71l8.76 9.22a1.67 1.67 0 001.11.53 1.54 1.54 0 00.92-.51L21.86 6a1.24 1.24 0 111.8 1.72l-8.91 9.3A4 4 0 0112 18.35z"
              />
            </svg>
          </span>
        </div>
      </div>
    </button>
    <div
      class="stargate-ui-factory-0-2-110 stargate-ui-factory-d0-0-2-112 stargate-ui-details-0-2-105 stargate-ui-detailsVariantDefault-0-2-109"
    >
      <div
        class="stargate-ui-detailsContent-0-2-106"
      >
        Lorem ipsum dolor sit amet, consectetur adipisicing elit. Aut voluptate ad distinctio quas vel praesentium, est vero suscipit dignissimos, reprehenderit, cumque nam incidunt reiciendis quibusdam nihil dolorem perferendis eos accusamus?
      </div>
    </div>
  </div>
</div>
`;
