// Jest Snapshot v1, https://goo.gl/fbAQLP

exports[`Checkbox should render properly 1`] = `
<div>
  <div
    class="stargate-ui-factory-0-2-6 stargate-ui-factory-d0-0-2-8"
  >
    <label
      class="stargate-ui-factory-0-2-18 stargate-ui-factory-d0-0-2-20 stargate-ui-typography-0-2-11 stargate-ui-typography-d0-0-2-15 stargate-ui-label-0-2-10 stargate-ui-typographyFluid-0-2-14 stargate-ui-typographyFluid-d2-0-2-17"
    >
      <input
        checkboxlabel="Checkbox"
        class="stargate-ui-factory-0-2-22 stargate-ui-factory-d0-0-2-24 stargate-ui-checkbox-0-2-1"
        type="checkbox"
        value=""
      />
      <span
        class="stargate-ui-factory-0-2-26 stargate-ui-factory-d0-0-2-28 stargate-ui-checkboxDecoration-0-2-2 stargate-ui-checkboxDecorationSuccess-0-2-3"
      />
      <span
        class="stargate-ui-factory-0-2-37 stargate-ui-factory-d0-0-2-39 stargate-ui-typography-0-2-30 stargate-ui-typography-d0-0-2-34 stargate-ui-typographyFluid-0-2-33 stargate-ui-typographyFluid-d2-0-2-36"
      >
        Label
      </span>
    </label>
  </div>
</div>
`;
